// Jest Snapshot v1, https://goo.gl/fbAQLP

exports[`Button snapshot 1`] = `
<View
  accessible={true}
  collapsable={false}
  focusable={true}
  onBlur={[Function]}
  onClick={[Function]}
  onFocus={[Function]}
  onResponderGrant={[Function]}
  onResponderMove={[Function]}
  onResponderRelease={[Function]}
  onResponderTerminate={[Function]}
  onResponderTerminationRequest={[Function]}
  onStartShouldSetResponder={[Function]}
  style={
    Object {
      "backgroundColor": "#3182ce",
      "borderRadius": 10,
      "padding": 10,
    }
  }
>
  <Text
    style={
      Object {
        "color": "#fff",
        "fontSize": 16,
        "textAlign": "center",
      }
    }
  >
    Test
  </Text>
</View>
`;
